  Building 'slsiufsstor' with toolset 'WindowsKernelModeDriver10.0' and the 'Universal' target platform.
  Stamping ARM64\Debug\slsiufsstor.inf
  Stamping [Version] section with DriverVer=07/10/2026,16.31.4.552
  UfsHw.c
  Generando código
  Generación de código finalizada
  slsiufsstor.vcxproj -> D:\a50-troika\exynos_ufs_driver_woa\slsiufsstor\ARM64\Debug\slsiufsstor.sys
  Done Adding Additional Store
  Successfully signed: D:\a50-troika\exynos_ufs_driver_woa\slsiufsstor\ARM64\Debug\slsiufsstor.sys
  
  Driver is 'Universal'.
  .........................
  Signability test complete.
  
  Errors:
  None
  
  Warnings:
  None
  
  Catalog generation complete.
  D:\a50-troika\exynos_ufs_driver_woa\slsiufsstor\ARM64\Debug\slsiufsstor\slsiufsstor.cat
  Done Adding Additional Store
  Successfully signed: D:\a50-troika\exynos_ufs_driver_woa\slsiufsstor\ARM64\Debug\slsiufsstor\slsiufsstor.cat
  
